// Jest Snapshot v1, https://goo.gl/fbAQLP

exports[`renders correctly 1`] = `
{
  "children": [
    {
      "identifier": "QtQuick",
      "kind": "Import",
      "loc": {
        "end": {
          "column": 18,
          "line": 1,
          "offset": 18,
        },
        "start": {
          "column": 0,
          "line": 1,
          "offset": 0,
        },
      },
      "version": "2.0",
    },
    {
      "children": [
        {
          "identifier": "test",
          "kind": "Property",
          "loc": {
            "end": {
              "column": 33,
              "line": 5,
              "offset": 66,
            },
            "start": {
              "column": 2,
              "line": 5,
              "offset": 35,
            },
          },
          "type": "string",
          "value": {
            "kind": "JavascriptValue",
            "loc": {
              "end": {
                "column": 33,
                "line": 5,
                "offset": 66,
              },
              "start": {
                "column": 25,
                "line": 5,
                "offset": 58,
              },
            },
            "object": false,
            "value": ""foobar"",
          },
        },
      ],
      "identifier": "Rectangle",
      "kind": "ObjectDefinition",
      "loc": {
        "end": {
          "column": 1,
          "line": 7,
          "offset": 70,
        },
        "start": {
          "column": 0,
          "line": 3,
          "offset": 20,
        },
      },
    },
  ],
  "comments": [],
  "kind": "Program",
  "loc": {
    "end": {
      "column": 0,
      "line": 8,
      "offset": 71,
    },
    "start": {
      "column": 0,
      "line": 1,
      "offset": 0,
    },
  },
}
`;
